---
source: lib/src/complete/bash.rs
expression: "complete_bash(&CompleteOptions\n{\n    shell: \"bash\".to_string(), bin: \"mycli\".to_string(), cache_key:\n    Some(\"1.2.3\".to_string()), spec: None, usage_cmd:\n    Some(\"mycli complete --usage\".to_string()), include_bash_completion_lib:\n    false,\n})"
snapshot_kind: text
---
_mycli() {
    if ! command -v usage &> /dev/null; then
        echo >&2
        echo "Error: usage CLI not found. This is required for completions to work in mycli." >&2
        echo "See https://usage.jdx.dev for more information." >&2
        return 1
    fi

    if [[ -z ${_usage_spec_mycli_1_2_3:-} ]]; then
        _usage_spec_mycli_1_2_3="$(mycli complete --usage)"
    fi

	local cur prev words cword was_split comp_args
    _comp_initialize -n : -- "$@" || return
    # shellcheck disable=SC2207
	_comp_compgen -- -W "$(usage complete-word --shell bash -s "${_usage_spec_mycli_1_2_3}" --cword="$cword" -- "${words[@]}")"
	_comp_ltrim_colon_completions "$cur"
    # shellcheck disable=SC2181
    if [[ $? -ne 0 ]]; then
        unset COMPREPLY
    fi
    return 0
}

shopt -u hostcomplete && complete -o nospace -o bashdefault -o nosort -F _mycli mycli
# vim: noet ci pi sts=0 sw=4 ts=4 ft=sh
